// Jest Snapshot v1, https://goo.gl/fbAQLP

exports[`QuoteCard should match snapshot 1`] = `ShallowWrapper {}`;
